exports[`test FriendList component 1`] = `
<ul
  className={undefined} />
`;
